Starting AP Full E2E UI Flow (Zero Seeding)...
Logging into application...
⚠️ HTTP Trace: 401 http://localhost:5002/api/auth/user
Response Body: {"message":"Unauthorized"}
⚠️ HTTP Trace: 401 http://localhost:5002/api/auth/user
Response Body: {"message":"Unauthorized"}
Login successful. Root Dashboard hydrated and event loop stabilized.
Navigating to AI Invoice Capture via pushState...
Intercepting GPT-4o API route with mock data...
Uploading dummy invoice payload...
Saving Extracted AI Invoice...
Navigating to Invoice List for Validation...
⚠️ HTTP Trace: 401 http://localhost:5002/api/auth/user
Response Body: {"message":"Unauthorized"}
Targeting Invoice: AI-INV-1772138635869
⚠️ HTTP Trace: 200 http://localhost:5002/api/ap/invoices/bulk-approve
Response Body: {"success":1,"failed":0,"errors":[]}
Transitioning to AP Payment Batches flow...
Instantiating New Payment Batch...
❌ E2E Playwright Suite Execution Failure:  page.click: Timeout 30000ms exceeded.
Call log:
[2m  - waiting for locator('button:has-text("New Batch")')[22m

    at runTest (/Users/mbjunaid/My Projects/nexusai-erp-2/test_ap_full_ui_e2e.ts:150:16) {
  name: 'TimeoutError'
}
